/file/set-tui-version "19.4"
(cx-gui-do cx-set-list-tree-selections "NavigationPane*List_Tree1" (list "Setup|Models|Viscous (Laminar)"))
(cx-gui-do cx-set-list-tree-selections "NavigationPane*List_Tree1" (list "Setup|Models|Viscous (Laminar)"))
(cx-gui-do cx-activate-item "NavigationPane*List_Tree1")
(cx-gui-do cx-set-list-tree-selections "NavigationPane*List_Tree1" (list "Setup|Models|Viscous (Laminar)"))
(cx-gui-do cx-set-toggle-button2 "Viscous Model*Table1*ToggleBox1(Model)*k-omega (2 eqn)" #t)
(cx-gui-do cx-activate-item "Viscous Model*Table1*ToggleBox1(Model)*k-omega (2 eqn)")
(cx-gui-do cx-set-toggle-button2 "Viscous Model*Table1*ToggleBox7(k-omega Model)*SST" #t)
(cx-gui-do cx-activate-item "Viscous Model*Table1*ToggleBox7(k-omega Model)*SST")
(cx-gui-do cx-activate-item "Viscous Model*PanelButtons*PushButton1(OK)")
(cx-gui-do cx-set-list-tree-selections "NavigationPane*List_Tree1" (list "Setup|Models|Viscous (SST k-omega)"))
(cx-gui-do cx-set-list-tree-selections "NavigationPane*List_Tree1" (list "Setup|Materials|Fluid|air"))
(cx-gui-do cx-set-list-tree-selections "NavigationPane*List_Tree1" (list "Setup|Materials|Fluid|air"))
(cx-gui-do cx-activate-item "NavigationPane*List_Tree1")
(cx-gui-do cx-set-list-tree-selections "NavigationPane*List_Tree1" (list "Setup|Materials|Fluid|air"))
(cx-gui-do cx-set-text-entry "Create/Edit Materials*Table1*Frame1*Table1*TextEntry1(Name)" "blood")
(cx-gui-do cx-set-real-entry-list "Create/Edit Materials*RealEntry10" '( 1.055))
(cx-gui-do cx-set-real-entry-list "Create/Edit Materials*RealEntry16" '( 0.0035))
(cx-gui-do cx-activate-item "Create/Edit Materials*PanelButtons*PushButton3(Change/Create)")
(cx-gui-do cx-activate-item "Question*OK")
(cx-gui-do cx-activate-item "Create/Edit Materials*PanelButtons*PushButton1(Close)")
(cx-gui-do cx-set-list-tree-selections "NavigationPane*List_Tree1" (list "Setup|Materials|Fluid|blood"))
(cx-gui-do cx-set-list-tree-selections "NavigationPane*List_Tree1" (list "Setup|Boundary Conditions|_1 (wall, id=6)"))
(cx-gui-do cx-set-list-tree-selections "NavigationPane*List_Tree1" (list "Setup|Boundary Conditions|_1 (wall, id=6)"))
(cx-gui-do cx-list-tree-right-click "NavigationPane*List_Tree1" )
(cx-gui-do cx-activate-item "MenuBar*TypeSubMenu*mass-flow-inlet")
(cx-gui-do cx-set-list-selections "Mass-Flow Inlet*Frame3*Frame1(Momentum)*Table1*DropDownList15(Direction Specification Method)" '( 1))
(cx-gui-do cx-activate-item "Mass-Flow Inlet*Frame3*Frame1(Momentum)*Table1*DropDownList15(Direction Specification Method)")
(cx-gui-do cx-set-expression-entry "Mass-Flow Inlet*Frame3*Frame1(Momentum)*Table1*Table8*ExpressionEntry1(Mass Flow Rate)" '("0.1055" . 0))
(cx-gui-do cx-activate-item "Mass-Flow Inlet*PanelButtons*PushButton1(OK)")
(cx-gui-do cx-set-list-tree-selections "NavigationPane*List_Tree1" (list "Setup|Boundary Conditions|_2 (wall, id=7)"))
(cx-gui-do cx-list-tree-right-click "NavigationPane*List_Tree1" )
(cx-gui-do cx-activate-item "MenuBar*TypeSubMenu*pressure-outlet")
(cx-gui-do cx-activate-item "Pressure Outlet*PanelButtons*PushButton1(OK)")
(cx-gui-do cx-set-list-tree-selections "NavigationPane*List_Tree1" (list "Setup|Boundary Conditions|_2 (pressure-outlet, id=7)"))
(cx-gui-do cx-set-list-tree-selections "NavigationPane*List_Tree1" (list "Solution|Monitors|Residual"))
(cx-gui-do cx-set-list-tree-selections "NavigationPane*List_Tree1" (list "Solution|Monitors|Residual"))
(cx-gui-do cx-activate-item "NavigationPane*List_Tree1")
(cx-gui-do cx-set-list-tree-selections "NavigationPane*List_Tree1" (list "Solution|Monitors|Residual"))
(cx-gui-do cx-set-real-entry-list "Residual Monitors*Table1*Table2*Table1*Table1(Equations)*RealEntry11" '( 1e-05))
(cx-gui-do cx-set-real-entry-list "Residual Monitors*Table1*Table2*Table1*Table1(Equations)*RealEntry17" '( 1e-05))
(cx-gui-do cx-set-real-entry-list "Residual Monitors*Table1*Table2*Table1*Table1(Equations)*RealEntry23" '( 1e-05))
(cx-gui-do cx-set-real-entry-list "Residual Monitors*Table1*Table2*Table1*Table1(Equations)*RealEntry29" '( 1e-05))
(cx-gui-do cx-set-real-entry-list "Residual Monitors*Table1*Table2*Table1*Table1(Equations)*RealEntry35" '( 1e-05))
(cx-gui-do cx-set-real-entry-list "Residual Monitors*Table1*Table2*Table1*Table1(Equations)*RealEntry41" '( 1e-05))
(cx-gui-do cx-activate-item "Residual Monitors*PanelButtons*PushButton1(OK)")
(cx-gui-do cx-set-list-tree-selections "NavigationPane*List_Tree1" (list "Solution|Initialization"))
(cx-gui-do cx-set-list-tree-selections "NavigationPane*List_Tree1" (list "Solution|Initialization"))
(cx-gui-do cx-activate-item "NavigationPane*List_Tree1")
(cx-gui-do cx-set-list-tree-selections "NavigationPane*List_Tree1" (list "Solution|Initialization"))
(cx-gui-do cx-activate-item "Solution Initialization*Table1*Frame11*PushButton2(Initialize)")
(cx-gui-do cx-set-list-tree-selections "NavigationPane*List_Tree1" (list "Solution|Run Calculation"))
(cx-gui-do cx-set-list-tree-selections "NavigationPane*List_Tree1" (list "Solution|Run Calculation"))
(cx-gui-do cx-set-list-tree-selections "NavigationPane*List_Tree1" (list "Solution|Run Calculation"))
(cx-gui-do cx-activate-item "NavigationPane*List_Tree1")
(cx-gui-do cx-set-list-tree-selections "NavigationPane*List_Tree1" (list "Solution|Run Calculation"))
(cx-gui-do cx-set-integer-entry "Run Calculation*Table1*IntegerEntry10(Number of Iterations)" 10) 
(cx-gui-do cx-activate-item "Run Calculation*Table1*IntegerEntry10(Number of Iterations)")
(cx-gui-do cx-activate-item "Run Calculation*Table1*PushButton22(Calculate)")
(cx-use-window-id 1)
(cx-set-camera-relative '(0 0 0) '(0 0 0) '(0 0 0) 0 0)
